Copyright 1986-2022 Xilinx, Inc. All Rights Reserved.
---------------------------------------------------------------------------------------------------------------------------------------------------------------------------------------------------------------------------
| Tool Version : Vivado v.2022.1 (win64) Build 3526262 Mon Apr 18 15:48:16 MDT 2022
| Date         : Mon Nov 11 00:31:26 2024
| Host         : Neo_com running 64-bit major release  (build 9200)
| Command      : report_timing_summary -max_paths 10 -report_unconstrained -file logic_gate_timing_summary_routed.rpt -pb logic_gate_timing_summary_routed.pb -rpx logic_gate_timing_summary_routed.rpx -warn_on_violation
| Design       : logic_gate
| Device       : 7s75-fgga484
| Speed File   : -1  PRODUCTION 1.23 2018-06-13
---------------------------------------------------------------------------------------------------------------------------------------------------------------------------------------------------------------------------

Timing Summary Report

------------------------------------------------------------------------------------------------
| Timer Settings
| --------------
------------------------------------------------------------------------------------------------

  Enable Multi Corner Analysis               :  Yes
  Enable Pessimism Removal                   :  Yes
  Pessimism Removal Resolution               :  Nearest Common Node
  Enable Input Delay Default Clock           :  No
  Enable Preset / Clear Arcs                 :  No
  Disable Flight Delays                      :  No
  Ignore I/O Paths                           :  No
  Timing Early Launch at Borrowing Latches   :  No
  Borrow Time for Max Delay Exceptions       :  Yes
  Merge Timing Exceptions                    :  Yes

  Corner  Analyze    Analyze    
  Name    Max Paths  Min Paths  
  ------  ---------  ---------  
  Slow    Yes        Yes        
  Fast    Yes        Yes        


------------------------------------------------------------------------------------------------
| Report Methodology
| ------------------
------------------------------------------------------------------------------------------------

Rule       Severity          Description                  Violations  
---------  ----------------  ---------------------------  ----------  
TIMING-17  Critical Warning  Non-clocked sequential cell  55          

Note: This report is based on the most recent report_methodology run and may not be up-to-date. Run report_methodology on the current design for the latest report.



check_timing report

Table of Contents
-----------------
1. checking no_clock (55)
2. checking constant_clock (0)
3. checking pulse_width_clock (0)
4. checking unconstrained_internal_endpoints (138)
5. checking no_input_delay (14)
6. checking no_output_delay (17)
7. checking multiple_clock (0)
8. checking generated_clocks (0)
9. checking loops (0)
10. checking partial_input_delay (0)
11. checking partial_output_delay (0)
12. checking latch_loops (0)

1. checking no_clock (55)
-------------------------
 There are 55 register/latch pins with no clock driven by root clock pin: clk (HIGH)


2. checking constant_clock (0)
------------------------------
 There are 0 register/latch pins with constant_clock.


3. checking pulse_width_clock (0)
---------------------------------
 There are 0 register/latch pins which need pulse_width check


4. checking unconstrained_internal_endpoints (138)
--------------------------------------------------
 There are 138 pins that are not constrained for maximum delay. (HIGH)

 There are 0 pins that are not constrained for maximum delay due to constant clock.


5. checking no_input_delay (14)
-------------------------------
 There are 14 input ports with no input delay specified. (HIGH)

 There are 0 input ports with no input delay but user has a false path constraint.


6. checking no_output_delay (17)
--------------------------------
 There are 17 ports with no output delay specified. (HIGH)

 There are 0 ports with no output delay but user has a false path constraint

 There are 0 ports with no output delay but with a timing clock defined on it or propagating through it


7. checking multiple_clock (0)
------------------------------
 There are 0 register/latch pins with multiple clocks.


8. checking generated_clocks (0)
--------------------------------
 There are 0 generated clocks that are not connected to a clock source.


9. checking loops (0)
---------------------
 There are 0 combinational loops in the design.


10. checking partial_input_delay (0)
------------------------------------
 There are 0 input ports with partial input delay specified.


11. checking partial_output_delay (0)
-------------------------------------
 There are 0 ports with partial output delay specified.


12. checking latch_loops (0)
----------------------------
 There are 0 combinational latch loops in the design through latch input



------------------------------------------------------------------------------------------------
| Design Timing Summary
| ---------------------
------------------------------------------------------------------------------------------------

    WNS(ns)      TNS(ns)  TNS Failing Endpoints  TNS Total Endpoints      WHS(ns)      THS(ns)  THS Failing Endpoints  THS Total Endpoints     WPWS(ns)     TPWS(ns)  TPWS Failing Endpoints  TPWS Total Endpoints  
    -------      -------  ---------------------  -------------------      -------      -------  ---------------------  -------------------     --------     --------  ----------------------  --------------------  
        inf        0.000                      0                  156          inf        0.000                      0                  156           NA           NA                      NA                    NA  


There are no user specified timing constraints.


------------------------------------------------------------------------------------------------
| Clock Summary
| -------------
------------------------------------------------------------------------------------------------


------------------------------------------------------------------------------------------------
| Intra Clock Table
| -----------------
------------------------------------------------------------------------------------------------

Clock             WNS(ns)      TNS(ns)  TNS Failing Endpoints  TNS Total Endpoints      WHS(ns)      THS(ns)  THS Failing Endpoints  THS Total Endpoints     WPWS(ns)     TPWS(ns)  TPWS Failing Endpoints  TPWS Total Endpoints  
-----             -------      -------  ---------------------  -------------------      -------      -------  ---------------------  -------------------     --------     --------  ----------------------  --------------------  


------------------------------------------------------------------------------------------------
| Inter Clock Table
| -----------------
------------------------------------------------------------------------------------------------

From Clock    To Clock          WNS(ns)      TNS(ns)  TNS Failing Endpoints  TNS Total Endpoints      WHS(ns)      THS(ns)  THS Failing Endpoints  THS Total Endpoints  
----------    --------          -------      -------  ---------------------  -------------------      -------      -------  ---------------------  -------------------  


------------------------------------------------------------------------------------------------
| Other Path Groups Table
| -----------------------
------------------------------------------------------------------------------------------------

Path Group    From Clock    To Clock          WNS(ns)      TNS(ns)  TNS Failing Endpoints  TNS Total Endpoints      WHS(ns)      THS(ns)  THS Failing Endpoints  THS Total Endpoints  
----------    ----------    --------          -------      -------  ---------------------  -------------------      -------      -------  ---------------------  -------------------  


------------------------------------------------------------------------------------------------
| User Ignored Path Table
| -----------------------
------------------------------------------------------------------------------------------------

Path Group    From Clock    To Clock    
----------    ----------    --------    


------------------------------------------------------------------------------------------------
| Unconstrained Path Table
| ------------------------
------------------------------------------------------------------------------------------------

Path Group    From Clock    To Clock    
----------    ----------    --------    
(none)                                    


------------------------------------------------------------------------------------------------
| Timing Details
| --------------
------------------------------------------------------------------------------------------------


--------------------------------------------------------------------------------------
Path Group:  (none)
From Clock:  
  To Clock:  

Max Delay           156 Endpoints
Min Delay           156 Endpoints
--------------------------------------------------------------------------------------


Max Delay Paths
--------------------------------------------------------------------------------------
Slack:                    inf
  Source:                 clk
                            (input port)
  Destination:            LCD_E
                            (output port)
  Path Group:             (none)
  Path Type:              Max at Slow Process Corner
  Data Path Delay:        10.637ns  (logic 5.136ns (48.281%)  route 5.501ns (51.719%))
  Logic Levels:           3  (BUFG=1 IBUF=1 OBUF=1)

    Location             Delay type                Incr(ns)  Path(ns)    Netlist Resource(s)
  -------------------------------------------------------------------    -------------------
    B6                                                0.000     0.000 r  clk (IN)
                         net (fo=0)                   0.000     0.000    clk
    B6                   IBUF (Prop_ibuf_I_O)         1.500     1.500 r  clk_IBUF_inst/O
                         net (fo=1, routed)           2.315     3.815    LCD_E_OBUF
    BUFGCTRL_X0Y16       BUFG (Prop_bufg_I_O)         0.096     3.911 r  LCD_E_OBUF_BUFG_inst/O
                         net (fo=56, routed)          3.186     7.098    LCD_E_OBUF_BUFG
    A6                   OBUF (Prop_obuf_I_O)         3.540    10.637 r  LCD_E_OBUF_inst/O
                         net (fo=0)                   0.000    10.637    LCD_E
    A6                                                                r  LCD_E (OUT)
  -------------------------------------------------------------------    -------------------

Slack:                    inf
  Source:                 number_btn[4]
                            (input port)
  Destination:            LCD_RS_reg/D
  Path Group:             (none)
  Path Type:              Max at Slow Process Corner
  Data Path Delay:        7.730ns  (logic 2.213ns (28.629%)  route 5.517ns (71.371%))
  Logic Levels:           5  (IBUF=1 LUT5=3 LUT6=1)

    Location             Delay type                Incr(ns)  Path(ns)    Netlist Resource(s)
  -------------------------------------------------------------------    -------------------
    N6                                                0.000     0.000 f  number_btn[4] (IN)
                         net (fo=0)                   0.000     0.000    number_btn[4]
    N6                   IBUF (Prop_ibuf_I_O)         1.487     1.487 f  number_btn_IBUF[4]_inst/O
                         net (fo=11, routed)          2.522     4.009    number_btn_IBUF[4]
    SLICE_X84Y129        LUT6 (Prop_lut6_I5_O)        0.124     4.133 r  LCD_DATA[7]_C_i_3/O
                         net (fo=7, routed)           0.843     4.976    LCD_DATA[7]_C_i_3_n_0
    SLICE_X82Y130        LUT5 (Prop_lut5_I4_O)        0.152     5.128 f  LCD_DATA[6]_C_i_2/O
                         net (fo=2, routed)           0.677     5.805    LCD_DATA[6]_C_i_2_n_0
    SLICE_X83Y130        LUT5 (Prop_lut5_I4_O)        0.326     6.131 f  LCD_RS_i_4/O
                         net (fo=4, routed)           0.835     6.966    LCD_RS_i_4_n_0
    SLICE_X82Y131        LUT5 (Prop_lut5_I4_O)        0.124     7.090 r  LCD_RS_i_2/O
                         net (fo=1, routed)           0.640     7.730    LCD_RS_i_2_n_0
    SLICE_X83Y131        FDCE                                         r  LCD_RS_reg/D
  -------------------------------------------------------------------    -------------------

Slack:                    inf
  Source:                 number_btn[4]
                            (input port)
  Destination:            LCD_DATA_reg[7]_C/CE
  Path Group:             (none)
  Path Type:              Max at Slow Process Corner
  Data Path Delay:        7.714ns  (logic 2.213ns (28.687%)  route 5.501ns (71.313%))
  Logic Levels:           5  (IBUF=1 LUT5=2 LUT6=2)

    Location             Delay type                Incr(ns)  Path(ns)    Netlist Resource(s)
  -------------------------------------------------------------------    -------------------
    N6                                                0.000     0.000 f  number_btn[4] (IN)
                         net (fo=0)                   0.000     0.000    number_btn[4]
    N6                   IBUF (Prop_ibuf_I_O)         1.487     1.487 f  number_btn_IBUF[4]_inst/O
                         net (fo=11, routed)          2.522     4.009    number_btn_IBUF[4]
    SLICE_X84Y129        LUT6 (Prop_lut6_I5_O)        0.124     4.133 r  LCD_DATA[7]_C_i_3/O
                         net (fo=7, routed)           0.843     4.976    LCD_DATA[7]_C_i_3_n_0
    SLICE_X82Y130        LUT5 (Prop_lut5_I4_O)        0.152     5.128 f  LCD_DATA[6]_C_i_2/O
                         net (fo=2, routed)           0.677     5.805    LCD_DATA[6]_C_i_2_n_0
    SLICE_X83Y130        LUT5 (Prop_lut5_I4_O)        0.326     6.131 f  LCD_RS_i_4/O
                         net (fo=4, routed)           0.668     6.799    LCD_RS_i_4_n_0
    SLICE_X83Y131        LUT6 (Prop_lut6_I3_O)        0.124     6.923 r  LCD_RS_i_1/O
                         net (fo=9, routed)           0.791     7.714    LCD_RS_i_1_n_0
    SLICE_X84Y129        FDCE                                         r  LCD_DATA_reg[7]_C/CE
  -------------------------------------------------------------------    -------------------

Slack:                    inf
  Source:                 number_btn[4]
                            (input port)
  Destination:            LCD_DATA_reg[0]_P/CE
  Path Group:             (none)
  Path Type:              Max at Slow Process Corner
  Data Path Delay:        7.574ns  (logic 2.213ns (29.217%)  route 5.361ns (70.783%))
  Logic Levels:           5  (IBUF=1 LUT5=2 LUT6=2)

    Location             Delay type                Incr(ns)  Path(ns)    Netlist Resource(s)
  -------------------------------------------------------------------    -------------------
    N6                                                0.000     0.000 f  number_btn[4] (IN)
                         net (fo=0)                   0.000     0.000    number_btn[4]
    N6                   IBUF (Prop_ibuf_I_O)         1.487     1.487 f  number_btn_IBUF[4]_inst/O
                         net (fo=11, routed)          2.522     4.009    number_btn_IBUF[4]
    SLICE_X84Y129        LUT6 (Prop_lut6_I5_O)        0.124     4.133 r  LCD_DATA[7]_C_i_3/O
                         net (fo=7, routed)           0.843     4.976    LCD_DATA[7]_C_i_3_n_0
    SLICE_X82Y130        LUT5 (Prop_lut5_I4_O)        0.152     5.128 f  LCD_DATA[6]_C_i_2/O
                         net (fo=2, routed)           0.677     5.805    LCD_DATA[6]_C_i_2_n_0
    SLICE_X83Y130        LUT5 (Prop_lut5_I4_O)        0.326     6.131 f  LCD_RS_i_4/O
                         net (fo=4, routed)           0.668     6.799    LCD_RS_i_4_n_0
    SLICE_X83Y131        LUT6 (Prop_lut6_I3_O)        0.124     6.923 r  LCD_RS_i_1/O
                         net (fo=9, routed)           0.651     7.574    LCD_RS_i_1_n_0
    SLICE_X84Y130        FDPE                                         r  LCD_DATA_reg[0]_P/CE
  -------------------------------------------------------------------    -------------------

Slack:                    inf
  Source:                 number_btn[4]
                            (input port)
  Destination:            LCD_DATA_reg[6]_C/CE
  Path Group:             (none)
  Path Type:              Max at Slow Process Corner
  Data Path Delay:        7.574ns  (logic 2.213ns (29.217%)  route 5.361ns (70.783%))
  Logic Levels:           5  (IBUF=1 LUT5=2 LUT6=2)

    Location             Delay type                Incr(ns)  Path(ns)    Netlist Resource(s)
  -------------------------------------------------------------------    -------------------
    N6                                                0.000     0.000 f  number_btn[4] (IN)
                         net (fo=0)                   0.000     0.000    number_btn[4]
    N6                   IBUF (Prop_ibuf_I_O)         1.487     1.487 f  number_btn_IBUF[4]_inst/O
                         net (fo=11, routed)          2.522     4.009    number_btn_IBUF[4]
    SLICE_X84Y129        LUT6 (Prop_lut6_I5_O)        0.124     4.133 r  LCD_DATA[7]_C_i_3/O
                         net (fo=7, routed)           0.843     4.976    LCD_DATA[7]_C_i_3_n_0
    SLICE_X82Y130        LUT5 (Prop_lut5_I4_O)        0.152     5.128 f  LCD_DATA[6]_C_i_2/O
                         net (fo=2, routed)           0.677     5.805    LCD_DATA[6]_C_i_2_n_0
    SLICE_X83Y130        LUT5 (Prop_lut5_I4_O)        0.326     6.131 f  LCD_RS_i_4/O
                         net (fo=4, routed)           0.668     6.799    LCD_RS_i_4_n_0
    SLICE_X83Y131        LUT6 (Prop_lut6_I3_O)        0.124     6.923 r  LCD_RS_i_1/O
                         net (fo=9, routed)           0.651     7.574    LCD_RS_i_1_n_0
    SLICE_X84Y130        FDCE                                         r  LCD_DATA_reg[6]_C/CE
  -------------------------------------------------------------------    -------------------

Slack:                    inf
  Source:                 number_btn[4]
                            (input port)
  Destination:            LCD_DATA_reg[2]_C/CE
  Path Group:             (none)
  Path Type:              Max at Slow Process Corner
  Data Path Delay:        7.504ns  (logic 2.213ns (29.489%)  route 5.291ns (70.511%))
  Logic Levels:           5  (IBUF=1 LUT5=2 LUT6=2)

    Location             Delay type                Incr(ns)  Path(ns)    Netlist Resource(s)
  -------------------------------------------------------------------    -------------------
    N6                                                0.000     0.000 f  number_btn[4] (IN)
                         net (fo=0)                   0.000     0.000    number_btn[4]
    N6                   IBUF (Prop_ibuf_I_O)         1.487     1.487 f  number_btn_IBUF[4]_inst/O
                         net (fo=11, routed)          2.522     4.009    number_btn_IBUF[4]
    SLICE_X84Y129        LUT6 (Prop_lut6_I5_O)        0.124     4.133 r  LCD_DATA[7]_C_i_3/O
                         net (fo=7, routed)           0.843     4.976    LCD_DATA[7]_C_i_3_n_0
    SLICE_X82Y130        LUT5 (Prop_lut5_I4_O)        0.152     5.128 f  LCD_DATA[6]_C_i_2/O
                         net (fo=2, routed)           0.677     5.805    LCD_DATA[6]_C_i_2_n_0
    SLICE_X83Y130        LUT5 (Prop_lut5_I4_O)        0.326     6.131 f  LCD_RS_i_4/O
                         net (fo=4, routed)           0.668     6.799    LCD_RS_i_4_n_0
    SLICE_X83Y131        LUT6 (Prop_lut6_I3_O)        0.124     6.923 r  LCD_RS_i_1/O
                         net (fo=9, routed)           0.581     7.504    LCD_RS_i_1_n_0
    SLICE_X83Y131        FDCE                                         r  LCD_DATA_reg[2]_C/CE
  -------------------------------------------------------------------    -------------------

Slack:                    inf
  Source:                 number_btn[4]
                            (input port)
  Destination:            LCD_DATA_reg[5]_C/CE
  Path Group:             (none)
  Path Type:              Max at Slow Process Corner
  Data Path Delay:        7.504ns  (logic 2.213ns (29.489%)  route 5.291ns (70.511%))
  Logic Levels:           5  (IBUF=1 LUT5=2 LUT6=2)

    Location             Delay type                Incr(ns)  Path(ns)    Netlist Resource(s)
  -------------------------------------------------------------------    -------------------
    N6                                                0.000     0.000 f  number_btn[4] (IN)
                         net (fo=0)                   0.000     0.000    number_btn[4]
    N6                   IBUF (Prop_ibuf_I_O)         1.487     1.487 f  number_btn_IBUF[4]_inst/O
                         net (fo=11, routed)          2.522     4.009    number_btn_IBUF[4]
    SLICE_X84Y129        LUT6 (Prop_lut6_I5_O)        0.124     4.133 r  LCD_DATA[7]_C_i_3/O
                         net (fo=7, routed)           0.843     4.976    LCD_DATA[7]_C_i_3_n_0
    SLICE_X82Y130        LUT5 (Prop_lut5_I4_O)        0.152     5.128 f  LCD_DATA[6]_C_i_2/O
                         net (fo=2, routed)           0.677     5.805    LCD_DATA[6]_C_i_2_n_0
    SLICE_X83Y130        LUT5 (Prop_lut5_I4_O)        0.326     6.131 f  LCD_RS_i_4/O
                         net (fo=4, routed)           0.668     6.799    LCD_RS_i_4_n_0
    SLICE_X83Y131        LUT6 (Prop_lut6_I3_O)        0.124     6.923 r  LCD_RS_i_1/O
                         net (fo=9, routed)           0.581     7.504    LCD_RS_i_1_n_0
    SLICE_X83Y131        FDCE                                         r  LCD_DATA_reg[5]_C/CE
  -------------------------------------------------------------------    -------------------

Slack:                    inf
  Source:                 number_btn[4]
                            (input port)
  Destination:            LCD_RS_reg/CE
  Path Group:             (none)
  Path Type:              Max at Slow Process Corner
  Data Path Delay:        7.504ns  (logic 2.213ns (29.489%)  route 5.291ns (70.511%))
  Logic Levels:           5  (IBUF=1 LUT5=2 LUT6=2)

    Location             Delay type                Incr(ns)  Path(ns)    Netlist Resource(s)
  -------------------------------------------------------------------    -------------------
    N6                                                0.000     0.000 f  number_btn[4] (IN)
                         net (fo=0)                   0.000     0.000    number_btn[4]
    N6                   IBUF (Prop_ibuf_I_O)         1.487     1.487 f  number_btn_IBUF[4]_inst/O
                         net (fo=11, routed)          2.522     4.009    number_btn_IBUF[4]
    SLICE_X84Y129        LUT6 (Prop_lut6_I5_O)        0.124     4.133 r  LCD_DATA[7]_C_i_3/O
                         net (fo=7, routed)           0.843     4.976    LCD_DATA[7]_C_i_3_n_0
    SLICE_X82Y130        LUT5 (Prop_lut5_I4_O)        0.152     5.128 f  LCD_DATA[6]_C_i_2/O
                         net (fo=2, routed)           0.677     5.805    LCD_DATA[6]_C_i_2_n_0
    SLICE_X83Y130        LUT5 (Prop_lut5_I4_O)        0.326     6.131 f  LCD_RS_i_4/O
                         net (fo=4, routed)           0.668     6.799    LCD_RS_i_4_n_0
    SLICE_X83Y131        LUT6 (Prop_lut6_I3_O)        0.124     6.923 r  LCD_RS_i_1/O
                         net (fo=9, routed)           0.581     7.504    LCD_RS_i_1_n_0
    SLICE_X83Y131        FDCE                                         r  LCD_RS_reg/CE
  -------------------------------------------------------------------    -------------------

Slack:                    inf
  Source:                 number_btn[4]
                            (input port)
  Destination:            LCD_DATA_reg[1]_C/CE
  Path Group:             (none)
  Path Type:              Max at Slow Process Corner
  Data Path Delay:        7.424ns  (logic 2.213ns (29.806%)  route 5.211ns (70.194%))
  Logic Levels:           5  (IBUF=1 LUT5=2 LUT6=2)

    Location             Delay type                Incr(ns)  Path(ns)    Netlist Resource(s)
  -------------------------------------------------------------------    -------------------
    N6                                                0.000     0.000 f  number_btn[4] (IN)
                         net (fo=0)                   0.000     0.000    number_btn[4]
    N6                   IBUF (Prop_ibuf_I_O)         1.487     1.487 f  number_btn_IBUF[4]_inst/O
                         net (fo=11, routed)          2.522     4.009    number_btn_IBUF[4]
    SLICE_X84Y129        LUT6 (Prop_lut6_I5_O)        0.124     4.133 r  LCD_DATA[7]_C_i_3/O
                         net (fo=7, routed)           0.843     4.976    LCD_DATA[7]_C_i_3_n_0
    SLICE_X82Y130        LUT5 (Prop_lut5_I4_O)        0.152     5.128 f  LCD_DATA[6]_C_i_2/O
                         net (fo=2, routed)           0.677     5.805    LCD_DATA[6]_C_i_2_n_0
    SLICE_X83Y130        LUT5 (Prop_lut5_I4_O)        0.326     6.131 f  LCD_RS_i_4/O
                         net (fo=4, routed)           0.668     6.799    LCD_RS_i_4_n_0
    SLICE_X83Y131        LUT6 (Prop_lut6_I3_O)        0.124     6.923 r  LCD_RS_i_1/O
                         net (fo=9, routed)           0.501     7.424    LCD_RS_i_1_n_0
    SLICE_X84Y131        FDCE                                         r  LCD_DATA_reg[1]_C/CE
  -------------------------------------------------------------------    -------------------

Slack:                    inf
  Source:                 number_btn[4]
                            (input port)
  Destination:            LCD_DATA_reg[3]_C/CE
  Path Group:             (none)
  Path Type:              Max at Slow Process Corner
  Data Path Delay:        7.424ns  (logic 2.213ns (29.806%)  route 5.211ns (70.194%))
  Logic Levels:           5  (IBUF=1 LUT5=2 LUT6=2)

    Location             Delay type                Incr(ns)  Path(ns)    Netlist Resource(s)
  -------------------------------------------------------------------    -------------------
    N6                                                0.000     0.000 f  number_btn[4] (IN)
                         net (fo=0)                   0.000     0.000    number_btn[4]
    N6                   IBUF (Prop_ibuf_I_O)         1.487     1.487 f  number_btn_IBUF[4]_inst/O
                         net (fo=11, routed)          2.522     4.009    number_btn_IBUF[4]
    SLICE_X84Y129        LUT6 (Prop_lut6_I5_O)        0.124     4.133 r  LCD_DATA[7]_C_i_3/O
                         net (fo=7, routed)           0.843     4.976    LCD_DATA[7]_C_i_3_n_0
    SLICE_X82Y130        LUT5 (Prop_lut5_I4_O)        0.152     5.128 f  LCD_DATA[6]_C_i_2/O
                         net (fo=2, routed)           0.677     5.805    LCD_DATA[6]_C_i_2_n_0
    SLICE_X83Y130        LUT5 (Prop_lut5_I4_O)        0.326     6.131 f  LCD_RS_i_4/O
                         net (fo=4, routed)           0.668     6.799    LCD_RS_i_4_n_0
    SLICE_X83Y131        LUT6 (Prop_lut6_I3_O)        0.124     6.923 r  LCD_RS_i_1/O
                         net (fo=9, routed)           0.501     7.424    LCD_RS_i_1_n_0
    SLICE_X84Y131        FDCE                                         r  LCD_DATA_reg[3]_C/CE
  -------------------------------------------------------------------    -------------------





Min Delay Paths
--------------------------------------------------------------------------------------
Slack:                    inf
  Source:                 O1/btn_reg_reg[7]/C
                            (rising edge-triggered cell FDCE)
  Destination:            O1/btn_trig_reg[7]/D
  Path Group:             (none)
  Path Type:              Min at Fast Process Corner
  Data Path Delay:        0.272ns  (logic 0.186ns (68.463%)  route 0.086ns (31.537%))
  Logic Levels:           2  (FDCE=1 LUT2=1)

    Location             Delay type                Incr(ns)  Path(ns)    Netlist Resource(s)
  -------------------------------------------------------------------    -------------------
    SLICE_X82Y127        FDCE                         0.000     0.000 r  O1/btn_reg_reg[7]/C
    SLICE_X82Y127        FDCE (Prop_fdce_C_Q)         0.141     0.141 f  O1/btn_reg_reg[7]/Q
                         net (fo=1, routed)           0.086     0.227    O1/btn_reg[7]
    SLICE_X83Y127        LUT2 (Prop_lut2_I1_O)        0.045     0.272 r  O1/btn_trig[7]_i_1/O
                         net (fo=1, routed)           0.000     0.272    O1/btn_trig[7]_i_1_n_0
    SLICE_X83Y127        FDCE                                         r  O1/btn_trig_reg[7]/D
  -------------------------------------------------------------------    -------------------

Slack:                    inf
  Source:                 O1/btn_reg_reg[10]/C
                            (rising edge-triggered cell FDCE)
  Destination:            O1/btn_trig_reg[10]/D
  Path Group:             (none)
  Path Type:              Min at Fast Process Corner
  Data Path Delay:        0.273ns  (logic 0.186ns (68.106%)  route 0.087ns (31.894%))
  Logic Levels:           2  (FDCE=1 LUT2=1)

    Location             Delay type                Incr(ns)  Path(ns)    Netlist Resource(s)
  -------------------------------------------------------------------    -------------------
    SLICE_X85Y127        FDCE                         0.000     0.000 r  O1/btn_reg_reg[10]/C
    SLICE_X85Y127        FDCE (Prop_fdce_C_Q)         0.141     0.141 f  O1/btn_reg_reg[10]/Q
                         net (fo=1, routed)           0.087     0.228    O1/btn_reg[10]
    SLICE_X84Y127        LUT2 (Prop_lut2_I1_O)        0.045     0.273 r  O1/btn_trig[10]_i_1/O
                         net (fo=1, routed)           0.000     0.273    O1/btn_trig[10]_i_1_n_0
    SLICE_X84Y127        FDCE                                         r  O1/btn_trig_reg[10]/D
  -------------------------------------------------------------------    -------------------

Slack:                    inf
  Source:                 O1/btn_reg_reg[0]/C
                            (rising edge-triggered cell FDCE)
  Destination:            O1/btn_trig_reg[0]/D
  Path Group:             (none)
  Path Type:              Min at Fast Process Corner
  Data Path Delay:        0.281ns  (logic 0.227ns (80.665%)  route 0.054ns (19.335%))
  Logic Levels:           2  (FDCE=1 LUT2=1)

    Location             Delay type                Incr(ns)  Path(ns)    Netlist Resource(s)
  -------------------------------------------------------------------    -------------------
    SLICE_X85Y130        FDCE                         0.000     0.000 r  O1/btn_reg_reg[0]/C
    SLICE_X85Y130        FDCE (Prop_fdce_C_Q)         0.128     0.128 f  O1/btn_reg_reg[0]/Q
                         net (fo=1, routed)           0.054     0.182    O1/btn_reg[0]
    SLICE_X85Y130        LUT2 (Prop_lut2_I1_O)        0.099     0.281 r  O1/btn_trig[0]_i_1/O
                         net (fo=1, routed)           0.000     0.281    O1/btn_trig[0]_i_1_n_0
    SLICE_X85Y130        FDCE                                         r  O1/btn_trig_reg[0]/D
  -------------------------------------------------------------------    -------------------

Slack:                    inf
  Source:                 O1/btn_reg_reg[1]/C
                            (rising edge-triggered cell FDCE)
  Destination:            O1/btn_trig_reg[1]/D
  Path Group:             (none)
  Path Type:              Min at Fast Process Corner
  Data Path Delay:        0.281ns  (logic 0.227ns (80.665%)  route 0.054ns (19.335%))
  Logic Levels:           2  (FDCE=1 LUT2=1)

    Location             Delay type                Incr(ns)  Path(ns)    Netlist Resource(s)
  -------------------------------------------------------------------    -------------------
    SLICE_X83Y128        FDCE                         0.000     0.000 r  O1/btn_reg_reg[1]/C
    SLICE_X83Y128        FDCE (Prop_fdce_C_Q)         0.128     0.128 f  O1/btn_reg_reg[1]/Q
                         net (fo=1, routed)           0.054     0.182    O1/btn_reg[1]
    SLICE_X83Y128        LUT2 (Prop_lut2_I1_O)        0.099     0.281 r  O1/btn_trig[1]_i_1/O
                         net (fo=1, routed)           0.000     0.281    O1/btn_trig[1]_i_1_n_0
    SLICE_X83Y128        FDCE                                         r  O1/btn_trig_reg[1]/D
  -------------------------------------------------------------------    -------------------

Slack:                    inf
  Source:                 O1/btn_reg_reg[2]/C
                            (rising edge-triggered cell FDCE)
  Destination:            O1/btn_trig_reg[2]/D
  Path Group:             (none)
  Path Type:              Min at Fast Process Corner
  Data Path Delay:        0.281ns  (logic 0.227ns (80.665%)  route 0.054ns (19.335%))
  Logic Levels:           2  (FDCE=1 LUT2=1)

    Location             Delay type                Incr(ns)  Path(ns)    Netlist Resource(s)
  -------------------------------------------------------------------    -------------------
    SLICE_X83Y129        FDCE                         0.000     0.000 r  O1/btn_reg_reg[2]/C
    SLICE_X83Y129        FDCE (Prop_fdce_C_Q)         0.128     0.128 f  O1/btn_reg_reg[2]/Q
                         net (fo=1, routed)           0.054     0.182    O1/btn_reg[2]
    SLICE_X83Y129        LUT2 (Prop_lut2_I1_O)        0.099     0.281 r  O1/btn_trig[2]_i_1/O
                         net (fo=1, routed)           0.000     0.281    O1/btn_trig[2]_i_1_n_0
    SLICE_X83Y129        FDCE                                         r  O1/btn_trig_reg[2]/D
  -------------------------------------------------------------------    -------------------

Slack:                    inf
  Source:                 O1/btn_reg_reg[4]/C
                            (rising edge-triggered cell FDCE)
  Destination:            O1/btn_trig_reg[4]/D
  Path Group:             (none)
  Path Type:              Min at Fast Process Corner
  Data Path Delay:        0.281ns  (logic 0.227ns (80.665%)  route 0.054ns (19.335%))
  Logic Levels:           2  (FDCE=1 LUT2=1)

    Location             Delay type                Incr(ns)  Path(ns)    Netlist Resource(s)
  -------------------------------------------------------------------    -------------------
    SLICE_X85Y129        FDCE                         0.000     0.000 r  O1/btn_reg_reg[4]/C
    SLICE_X85Y129        FDCE (Prop_fdce_C_Q)         0.128     0.128 f  O1/btn_reg_reg[4]/Q
                         net (fo=1, routed)           0.054     0.182    O1/btn_reg[4]
    SLICE_X85Y129        LUT2 (Prop_lut2_I1_O)        0.099     0.281 r  O1/btn_trig[4]_i_1/O
                         net (fo=1, routed)           0.000     0.281    O1/btn_trig[4]_i_1_n_0
    SLICE_X85Y129        FDCE                                         r  O1/btn_trig_reg[4]/D
  -------------------------------------------------------------------    -------------------

Slack:                    inf
  Source:                 O1/btn_reg_reg[5]/C
                            (rising edge-triggered cell FDCE)
  Destination:            O1/btn_trig_reg[5]/D
  Path Group:             (none)
  Path Type:              Min at Fast Process Corner
  Data Path Delay:        0.305ns  (logic 0.246ns (80.588%)  route 0.059ns (19.412%))
  Logic Levels:           2  (FDCE=1 LUT2=1)

    Location             Delay type                Incr(ns)  Path(ns)    Netlist Resource(s)
  -------------------------------------------------------------------    -------------------
    SLICE_X80Y131        FDCE                         0.000     0.000 r  O1/btn_reg_reg[5]/C
    SLICE_X80Y131        FDCE (Prop_fdce_C_Q)         0.148     0.148 f  O1/btn_reg_reg[5]/Q
                         net (fo=1, routed)           0.059     0.207    O1/btn_reg[5]
    SLICE_X80Y131        LUT2 (Prop_lut2_I1_O)        0.098     0.305 r  O1/btn_trig[5]_i_1/O
                         net (fo=1, routed)           0.000     0.305    O1/btn_trig[5]_i_1_n_0
    SLICE_X80Y131        FDCE                                         r  O1/btn_trig_reg[5]/D
  -------------------------------------------------------------------    -------------------

Slack:                    inf
  Source:                 O1/btn_reg_reg[8]/C
                            (rising edge-triggered cell FDCE)
  Destination:            O1/btn_trig_reg[8]/D
  Path Group:             (none)
  Path Type:              Min at Fast Process Corner
  Data Path Delay:        0.323ns  (logic 0.186ns (57.598%)  route 0.137ns (42.402%))
  Logic Levels:           2  (FDCE=1 LUT2=1)

    Location             Delay type                Incr(ns)  Path(ns)    Netlist Resource(s)
  -------------------------------------------------------------------    -------------------
    SLICE_X82Y127        FDCE                         0.000     0.000 r  O1/btn_reg_reg[8]/C
    SLICE_X82Y127        FDCE (Prop_fdce_C_Q)         0.141     0.141 f  O1/btn_reg_reg[8]/Q
                         net (fo=1, routed)           0.137     0.278    O1/btn_reg[8]
    SLICE_X83Y127        LUT2 (Prop_lut2_I1_O)        0.045     0.323 r  O1/btn_trig[8]_i_1/O
                         net (fo=1, routed)           0.000     0.323    O1/btn_trig[8]_i_1_n_0
    SLICE_X83Y127        FDCE                                         r  O1/btn_trig_reg[8]/D
  -------------------------------------------------------------------    -------------------

Slack:                    inf
  Source:                 O1/btn_reg_reg[11]/C
                            (rising edge-triggered cell FDCE)
  Destination:            O1/btn_trig_reg[11]/D
  Path Group:             (none)
  Path Type:              Min at Fast Process Corner
  Data Path Delay:        0.325ns  (logic 0.186ns (57.212%)  route 0.139ns (42.788%))
  Logic Levels:           2  (FDCE=1 LUT2=1)

    Location             Delay type                Incr(ns)  Path(ns)    Netlist Resource(s)
  -------------------------------------------------------------------    -------------------
    SLICE_X85Y127        FDCE                         0.000     0.000 r  O1/btn_reg_reg[11]/C
    SLICE_X85Y127        FDCE (Prop_fdce_C_Q)         0.141     0.141 f  O1/btn_reg_reg[11]/Q
                         net (fo=1, routed)           0.139     0.280    O1/btn_reg[11]
    SLICE_X84Y127        LUT2 (Prop_lut2_I1_O)        0.045     0.325 r  O1/btn_trig[11]_i_1/O
                         net (fo=1, routed)           0.000     0.325    O1/btn_trig[11]_i_1_n_0
    SLICE_X84Y127        FDCE                                         r  O1/btn_trig_reg[11]/D
  -------------------------------------------------------------------    -------------------

Slack:                    inf
  Source:                 cnt_reg[1]/C
                            (rising edge-triggered cell FDCE)
  Destination:            cnt_reg[3]/D
  Path Group:             (none)
  Path Type:              Min at Fast Process Corner
  Data Path Delay:        0.330ns  (logic 0.186ns (56.308%)  route 0.144ns (43.692%))
  Logic Levels:           2  (FDCE=1 LUT6=1)

    Location             Delay type                Incr(ns)  Path(ns)    Netlist Resource(s)
  -------------------------------------------------------------------    -------------------
    SLICE_X79Y129        FDCE                         0.000     0.000 r  cnt_reg[1]/C
    SLICE_X79Y129        FDCE (Prop_fdce_C_Q)         0.141     0.141 r  cnt_reg[1]/Q
                         net (fo=11, routed)          0.144     0.285    cnt_reg_n_0_[1]
    SLICE_X80Y129        LUT6 (Prop_lut6_I2_O)        0.045     0.330 r  cnt[3]_i_1/O
                         net (fo=1, routed)           0.000     0.330    cnt[3]
    SLICE_X80Y129        FDCE                                         r  cnt_reg[3]/D
  -------------------------------------------------------------------    -------------------





